{
  "version": 1,
  "title": "Second steered live axle",
  "scope": "mechanism-construction-study",
  "notes_file": "operation.json",
  "image_mode": "steps",
  "final_images": [
    "renders/home.png"
  ],
  "source": {
    "model": "42043-1.mpd",
    "section": "42043 - 2ndaxle.ldr",
    "sha256": "db9439ad417ef869cbda7b3e817b0d0c0fa49e13c3552235ddddf0f57995525a"
  },
  "source_root": "study-d7bc7f744c06-00-42043---2ndaxle.ldr",
  "preview_colour": 7,
  "parents": [
    {
      "section": "42043 - Mercedes-Benz Arocs 3245.ldr",
      "description": "Mercedes-Benz Arocs 3245 heavy-duty truck featuring a functional engine, Power Functions motorization, live-axle suspension, steering, pneumatics, outriggers, and rear crane chassis assembly.",
      "at": [
        0.0,
        -100.0,
        20.0
      ],
      "matrix": [
        [
          -1.0,
          0.0,
          0.0
        ],
        [
          0.0,
          -1.0,
          0.0
        ],
        [
          0.0,
          0.0,
          1.0
        ]
      ],
      "colour": 4
    }
  ],
  "sections": [
    {
      "name": "study-d7bc7f744c06-00-42043---2ndaxle.ldr",
      "original_name": "42043 - 2ndaxle.ldr",
      "description": "A rear live axle assembly with suspension arms, towball joints, and long beams for the second driven axle.",
      "directory": "manual/00",
      "steps": [
        {
          "number": 1,
          "added_placements": 12,
          "parts": [
            {
              "ref": "41239.dat",
              "colour": 0,
              "quantity": 2,
              "kind": "part",
              "description": "Technic Beam 13",
              "source_section": null
            },
            {
              "ref": "48989.dat",
              "colour": 71,
              "quantity": 2,
              "kind": "part",
              "description": "Technic Cross Block 1 x 3 (Pin/Pin/Pin) with 4 Pins",
              "source_section": null
            },
            {
              "ref": "87083.dat",
              "colour": 72,
              "quantity": 2,
              "kind": "part",
              "description": "Technic Axle  4 with Stop",
              "source_section": null
            },
            {
              "ref": "32123a.dat",
              "colour": 71,
              "quantity": 2,
              "kind": "part",
              "description": "Technic Bush  1/2 Smooth with Axle Hole Reduced",
              "source_section": null
            },
            {
              "ref": "6628.dat",
              "colour": 0,
              "quantity": 2,
              "kind": "part",
              "description": "Technic Pin Towball with Friction",
              "source_section": null
            },
            {
              "ref": "15459.dat",
              "colour": 71,
              "quantity": 2,
              "kind": "part",
              "description": "Technic Suspension Arm  1 x  5 Type 1",
              "source_section": null
            }
          ],
          "images": {
            "home": "manual/00/step-001-home.png",
            "top": "manual/00/step-001-top.png",
            "front": "manual/00/step-001-front.png"
          }
        },
        {
          "number": 2,
          "added_placements": 12,
          "parts": [
            {
              "ref": "2780.dat",
              "colour": 0,
              "quantity": 2,
              "kind": "part",
              "description": "Technic Pin with Friction and Slots",
              "source_section": null
            },
            {
              "ref": "6536.dat",
              "colour": 71,
              "quantity": 2,
              "kind": "part",
              "description": "Technic Cross Block 1 x 2 (Axle/Pin)",
              "source_section": null
            },
            {
              "ref": "4519.dat",
              "colour": 71,
              "quantity": 2,
              "kind": "part",
              "description": "Technic Axle  3",
              "source_section": null
            },
            {
              "ref": "32034.dat",
              "colour": 71,
              "quantity": 1,
              "kind": "part",
              "description": "Technic Angle Connector #2 (180 degree)",
              "source_section": null
            },
            {
              "ref": "63869.dat",
              "colour": 0,
              "quantity": 2,
              "kind": "part",
              "description": "Technic Cross Block 3 x 2 (Axle/Triple Pin)",
              "source_section": null
            },
            {
              "ref": "6558.dat",
              "colour": 1,
              "quantity": 2,
              "kind": "part",
              "description": "Technic Pin Long with Friction and Slot",
              "source_section": null
            },
            {
              "ref": "32524.dat",
              "colour": 71,
              "quantity": 1,
              "kind": "part",
              "description": "Technic Beam  7",
              "source_section": null
            }
          ],
          "images": {
            "home": "manual/00/step-002-home.png",
            "top": "manual/00/step-002-top.png",
            "front": "manual/00/step-002-front.png"
          }
        },
        {
          "number": 3,
          "added_placements": 10,
          "parts": [
            {
              "ref": "87083.dat",
              "colour": 72,
              "quantity": 4,
              "kind": "part",
              "description": "Technic Axle  4 with Stop",
              "source_section": null
            },
            {
              "ref": "60483.dat",
              "colour": 72,
              "quantity": 2,
              "kind": "part",
              "description": "Technic Beam  2 Liftarm",
              "source_section": null
            },
            {
              "ref": "42003.dat",
              "colour": 72,
              "quantity": 2,
              "kind": "part",
              "description": "Technic Cross Block 1 x 3 (Axle/Pin/Pin)",
              "source_section": null
            },
            {
              "ref": "6628.dat",
              "colour": 0,
              "quantity": 2,
              "kind": "part",
              "description": "Technic Pin Towball with Friction",
              "source_section": null
            }
          ],
          "images": {
            "home": "manual/00/step-003-home.png",
            "top": "manual/00/step-003-top.png",
            "front": "manual/00/step-003-front.png"
          }
        },
        {
          "number": 4,
          "added_placements": 10,
          "parts": [
            {
              "ref": "6628.dat",
              "colour": 0,
              "quantity": 1,
              "kind": "part",
              "description": "Technic Pin Towball with Friction",
              "source_section": null
            },
            {
              "ref": "15100.dat",
              "colour": 0,
              "quantity": 2,
              "kind": "part",
              "description": "Technic Pin with Friction with Perpendicular Pin Hole Type 1",
              "source_section": null
            },
            {
              "ref": "3673.dat",
              "colour": 71,
              "quantity": 2,
              "kind": "part",
              "description": "Technic Pin",
              "source_section": null
            },
            {
              "ref": "10197.dat",
              "colour": 72,
              "quantity": 1,
              "kind": "part",
              "description": "Technic Axle and Pin Connector Hub with 2 Axles at 90 Degrees",
              "source_section": null
            },
            {
              "ref": "32013.dat",
              "colour": 0,
              "quantity": 1,
              "kind": "part",
              "description": "Technic Angle Connector #1",
              "source_section": null
            },
            {
              "ref": "59443.dat",
              "colour": 71,
              "quantity": 1,
              "kind": "part",
              "description": "Technic Axle Joiner Inline Smooth",
              "source_section": null
            },
            {
              "ref": "2736.dat",
              "colour": 71,
              "quantity": 1,
              "kind": "part",
              "description": "Technic Axle Towball",
              "source_section": null
            },
            {
              "ref": "32293.dat",
              "colour": 0,
              "quantity": 1,
              "kind": "part",
              "description": "Technic Steering Link 9L",
              "source_section": null
            }
          ],
          "images": {
            "home": "manual/00/step-004-home.png",
            "top": "manual/00/step-004-top.png",
            "front": "manual/00/step-004-front.png"
          }
        },
        {
          "number": 5,
          "added_placements": 9,
          "parts": [
            {
              "ref": "study-d7bc7f744c06-01-42043---2ndaxle-2.ldr",
              "colour": 0,
              "quantity": 1,
              "kind": "submodel",
              "description": "A supporting suspension linkage for the second axle with bent beams, pin joiners, and a suspension arm.",
              "source_section": "study-d7bc7f744c06-01-42043---2ndaxle-2.ldr"
            },
            {
              "ref": "87083.dat",
              "colour": 72,
              "quantity": 2,
              "kind": "part",
              "description": "Technic Axle  4 with Stop",
              "source_section": null
            },
            {
              "ref": "study-d7bc7f744c06-02-42043---shock-06_5L-hard-1.ldr",
              "colour": 14,
              "quantity": 2,
              "kind": "submodel",
              "description": "A 6.5L hard shock absorber assembly with cylinder, piston rod, and coiled spring metadata.",
              "source_section": "study-d7bc7f744c06-02-42043---shock-06_5L-hard-1.ldr"
            },
            {
              "ref": "41677.dat",
              "colour": 71,
              "quantity": 2,
              "kind": "part",
              "description": "Technic Beam  2 x  0.5 Liftarm",
              "source_section": null
            },
            {
              "ref": "32140.dat",
              "colour": 71,
              "quantity": 2,
              "kind": "part",
              "description": "Technic Beam  2 x  4 Liftarm Bent 90",
              "source_section": null
            }
          ],
          "images": {
            "home": "manual/00/step-005-home.png",
            "top": "manual/00/step-005-top.png",
            "front": "manual/00/step-005-front.png"
          }
        },
        {
          "number": 6,
          "added_placements": 6,
          "parts": [
            {
              "ref": "study-d7bc7f744c06-04-42043---33299b.dat",
              "colour": 0,
              "quantity": 2,
              "kind": "part",
              "description": "Half of a short Technic liftarm with boss and semi-reduced pin hole, modeled as a subpart",
              "source_section": null
            },
            {
              "ref": "32054.dat",
              "colour": 4,
              "quantity": 4,
              "kind": "part",
              "description": "Technic Pin Long with Stop Bush",
              "source_section": null
            }
          ],
          "images": {
            "home": "manual/00/step-006-home.png",
            "top": "manual/00/step-006-top.png",
            "front": "manual/00/step-006-front.png"
          }
        }
      ]
    },
    {
      "name": "study-d7bc7f744c06-01-42043---2ndaxle-2.ldr",
      "original_name": "42043 - 2ndaxle-2.ldr",
      "description": "A supporting suspension linkage for the second axle with bent beams, pin joiners, and a suspension arm.",
      "directory": "manual/01",
      "steps": [
        {
          "number": 1,
          "added_placements": 5,
          "parts": [
            {
              "ref": "32526.dat",
              "colour": 72,
              "quantity": 1,
              "kind": "part",
              "description": "Technic Beam  3 x  5 Bent 90",
              "source_section": null
            },
            {
              "ref": "32556.dat",
              "colour": 19,
              "quantity": 1,
              "kind": "part",
              "description": "~Moved to 32556a",
              "source_section": null
            },
            {
              "ref": "2780.dat",
              "colour": 0,
              "quantity": 2,
              "kind": "part",
              "description": "Technic Pin with Friction and Slots",
              "source_section": null
            },
            {
              "ref": "60483.dat",
              "colour": 72,
              "quantity": 1,
              "kind": "part",
              "description": "Technic Beam  2 Liftarm",
              "source_section": null
            }
          ],
          "images": {
            "home": "manual/01/step-001-home.png",
            "top": "manual/01/step-001-top.png",
            "front": "manual/01/step-001-front.png"
          }
        },
        {
          "number": 2,
          "added_placements": 5,
          "parts": [
            {
              "ref": "44294.dat",
              "colour": 71,
              "quantity": 1,
              "kind": "part",
              "description": "Technic Axle  7",
              "source_section": null
            },
            {
              "ref": "62462.dat",
              "colour": 14,
              "quantity": 2,
              "kind": "part",
              "description": "Technic Pin Joiner Round with Slot",
              "source_section": null
            },
            {
              "ref": "87082.dat",
              "colour": 71,
              "quantity": 1,
              "kind": "part",
              "description": "Technic Pin Long with Pin Hole Type 1",
              "source_section": null
            },
            {
              "ref": "32556.dat",
              "colour": 19,
              "quantity": 1,
              "kind": "part",
              "description": "~Moved to 32556a",
              "source_section": null
            }
          ],
          "images": {
            "home": "manual/01/step-002-home.png",
            "top": "manual/01/step-002-top.png",
            "front": "manual/01/step-002-front.png"
          }
        },
        {
          "number": 3,
          "added_placements": 4,
          "parts": [
            {
              "ref": "43857.dat",
              "colour": 14,
              "quantity": 2,
              "kind": "part",
              "description": "Technic Beam  2",
              "source_section": null
            },
            {
              "ref": "6558.dat",
              "colour": 1,
              "quantity": 1,
              "kind": "part",
              "description": "Technic Pin Long with Friction and Slot",
              "source_section": null
            },
            {
              "ref": "15459.dat",
              "colour": 71,
              "quantity": 1,
              "kind": "part",
              "description": "Technic Suspension Arm  1 x  5 Type 1",
              "source_section": null
            }
          ],
          "images": {
            "home": "manual/01/step-003-home.png",
            "top": "manual/01/step-003-top.png",
            "front": "manual/01/step-003-front.png"
          }
        },
        {
          "number": 4,
          "added_placements": 3,
          "parts": [
            {
              "ref": "60483.dat",
              "colour": 72,
              "quantity": 1,
              "kind": "part",
              "description": "Technic Beam  2 Liftarm",
              "source_section": null
            },
            {
              "ref": "32526.dat",
              "colour": 72,
              "quantity": 1,
              "kind": "part",
              "description": "Technic Beam  3 x  5 Bent 90",
              "source_section": null
            },
            {
              "ref": "2780.dat",
              "colour": 0,
              "quantity": 1,
              "kind": "part",
              "description": "Technic Pin with Friction and Slots",
              "source_section": null
            }
          ],
          "images": {
            "home": "manual/01/step-004-home.png",
            "top": "manual/01/step-004-top.png",
            "front": "manual/01/step-004-front.png"
          }
        }
      ]
    },
    {
      "name": "study-d7bc7f744c06-02-42043---shock-06_5L-hard-1.ldr",
      "original_name": "42043 - shock-06_5L-hard-1.ldr",
      "description": "A 6.5L hard shock absorber assembly with cylinder, piston rod, and coiled spring metadata.",
      "directory": "manual/02",
      "steps": [
        {
          "number": 1,
          "added_placements": 3,
          "parts": [
            {
              "ref": "4255.dat",
              "colour": 16,
              "quantity": 1,
              "kind": "part",
              "description": "~Technic Shock Absorber  6.5L Cylinder",
              "source_section": null
            },
            {
              "ref": "4254.dat",
              "colour": 0,
              "quantity": 1,
              "kind": "part",
              "description": "~Technic Shock Absorber  6.5L Piston Rod",
              "source_section": null
            },
            {
              "ref": "study-d7bc7f744c06-03-42043---shock-06_5L-hard-1_springMesh.ldr",
              "colour": 494,
              "quantity": 1,
              "kind": "submodel",
              "description": "A procedurally-generated spring mesh defining the shock absorber's coiled wire geometry across five tapered sections.",
              "source_section": "study-d7bc7f744c06-03-42043---shock-06_5L-hard-1_springMesh.ldr"
            }
          ],
          "images": {
            "home": "manual/02/step-001-home.png",
            "top": "manual/02/step-001-top.png",
            "front": "manual/02/step-001-front.png"
          }
        }
      ]
    }
  ],
  "physical_placements": 77,
  "views": [
    "home",
    "top",
    "front"
  ],
  "rendered": true,
  "source_checks_passed": false,
  "bom_matches": true,
  "analytical_verification": "deferred",
  "physical_validity": "not_proven",
  "artifact_hashes": {
    "source.mpd": "d5eaa0143fa163dd55bb4cca72693babd6ad3bf6973f51e7391333fc0102dfc5",
    "extraction.json": "4668cdbf04b731af8292df0490cf39265dbc43c73ed08ec24526e82d594f97b4",
    "source-checks.json": "73b9cc3f66216f09b90e9a67725b54e38d74bc705683634e591f00364e2266c7",
    "operation.json": "362142c5dee1ec16c4e7897831730f543624542360b59798db0c8be0c875c294",
    "bom.json": "72b320f97c15aef4a18f627ddfac3d64ac245f56fcd31dfdcb683bd1e4c6e8bf",
    "scene.plan.json": "7813da1c4947ab303be03cad20a82aca8931c6c940386cceb759864d6eea73c7",
    "manual/00/preview.mpd": "22325a2dc7c0ff5c9851eb9fad4b058b0c00c8fdb7187c96b2257d41b1cefbfc",
    "manual/00/step-001-home.png": "0fd12941b82c7ba78f56e89f9ec145d23d7c138e59e1ec23def90d9b82ab4ac9",
    "manual/00/step-002-home.png": "202f55a59a3ba134e439316bb6271a93b1afca88122eb74e31e790240852b595",
    "manual/00/step-003-home.png": "061bfa461fab5e941172f55b6ce58208a830b379f5a92e9beef8617b10969ea2",
    "manual/00/step-004-home.png": "3a022aece4b1843a45fbd409b353ed842c78f540a41bc5adf15af03cf34b7050",
    "manual/00/step-005-home.png": "0d1db46cdc272d0eaea7ea2fa076634f2be2a475f2ed7025c50f001013452bfe",
    "manual/00/step-006-home.png": "abe77dd3d9c9fa7e3ca59e53abf17428b89f51f56f8bda594272f89315e9de12",
    "manual/00/step-001-top.png": "cb8a6062feb8ba3a82388ea8b9fd556e217ad83d350ef3ed8f88220bb6cac8ce",
    "manual/00/step-002-top.png": "2d5044222b0c1fa194951fc419e70845a89ff5d0c18117866d16d55401a4b241",
    "manual/00/step-003-top.png": "11ce41b8cac146239ec2400a06e4a185fb0c37ce8c91bf9e65258f000e1bb5d7",
    "manual/00/step-004-top.png": "c251f2e025b77b02e6d691f524bf7c95cd4733b79db188c0896ffa58e5a02683",
    "manual/00/step-005-top.png": "e12de0a10d7af14b33d30efceea92ba602258700374b55cd400dbf5052956f00",
    "manual/00/step-006-top.png": "e892b85932a1cb6e3046037f84e260dbbbe2ce93f9486f1fce58177ea215211d",
    "manual/00/step-001-front.png": "b827a6c9aeee4d57d1efbec7a9920dbfbb1a89f8dbb4ba4649a053e96a22c463",
    "manual/00/step-002-front.png": "cf90a20fc36bf856c6ce254bad16140233e7d8124fd00f7ae26689da3dffefe6",
    "manual/00/step-003-front.png": "43860bd870d7d61784cab4db8d53a57fd3f38d1fca9dcdf9960514a89b089d73",
    "manual/00/step-004-front.png": "f69854fa3ca5c14a397da7fdf19c07cc005f61e6ff7e201f210cbc5cc422f986",
    "manual/00/step-005-front.png": "74a13de2a507658510794aa99572bd2591f1d3a974f6b618072c318e313fd586",
    "manual/00/step-006-front.png": "565453a3ccf4ccc5740e8b628617b0319d936719da3cad8530a44a2b33684124",
    "manual/01/preview.mpd": "4eddf335c9713efcefed63bdaa43af630383e4c3cde0536963f7638dd6e8c32e",
    "manual/01/step-001-home.png": "ab7acbb5fb38e321391686dad4238ac3a58ce4e9276244c1b6c0c17b36852940",
    "manual/01/step-002-home.png": "512280223b973242978fe4489b142b22d5b97aabed21d6054ea5e2a5eeac147f",
    "manual/01/step-003-home.png": "2e7d32858f941b4c3316e9d2b8ebd7e2103bb152c55cd0d1c53d2b3c717ad64b",
    "manual/01/step-004-home.png": "11ac680b4c368574f0f8701edfb042fe77dd2688b7ba26feaffb736695c80217",
    "manual/01/step-001-top.png": "b5fb586e4d84d0cf024c9364d3f6c1660a0f42ee6efbcc33ce474bb9a987d441",
    "manual/01/step-002-top.png": "20f8833a757aa7f420ab41a988841423bc6f75e25fa516f7354ae8ac1772f194",
    "manual/01/step-003-top.png": "7707dbcd4a57736866ada790278d703f483f83f6e0788b3fe62695265a49431f",
    "manual/01/step-004-top.png": "0980a84ef4d904f1ea22110b4b5396e6a867df221f299403ea8dd78869d2b38f",
    "manual/01/step-001-front.png": "f2fd8f3bad82a0ba9c8f4f957ae8b71898b281e3984307ba291d83baffc82db8",
    "manual/01/step-002-front.png": "1c72ef819b85d2cef41670c8049d7411038a95970826d3ea10c1b1f70880c822",
    "manual/01/step-003-front.png": "0ac892ea4283e946219a7ec6aa5c78b8b016975599f0f5fd1872600d016b14ae",
    "manual/01/step-004-front.png": "045d321aa2449f3f2ad2d7dc54f1e06f8f3ed6418d923b59709e791d7412dbdb",
    "manual/02/preview.mpd": "92e65815c56ec3b082835519e49c1ed3739f043e3f6a08eafcfa053367561376",
    "manual/02/step-001-home.png": "886a3053cd894a10bbc122670ebe4d6a7f33c74e6111b1055f5f234c9178e688",
    "manual/02/step-001-top.png": "b71ef91a505f25ceffe90eee8a16df1d9dc19549dcf6b10709f11f183ed4359a",
    "manual/02/step-001-front.png": "ef2f516f12165434ac3c45367e38f840898e1aa0527a8cb30f63be0f921febc9",
    "renders/leocad-bom.csv": "67e5cbc7bda35c9c9e1a27d68633559fdba72a9aa1c90070e474051b1e5814d8",
    "bom-comparison.json": "46502d739bc479a4602786b8d4fa1152428b1417c933076f29608daefbe78840",
    "renders/home.png": "6765ec0d4878019eae7ddd58f251ad6627fa229271adfd64d16bfc4b64d0ce18"
  }
}
