{
  "version": 1,
  "title": "Exhaust stack",
  "scope": "construction-construction-study",
  "notes_file": "study-notes.json",
  "image_mode": "steps",
  "final_images": [
    "renders/home.png"
  ],
  "source": {
    "model": "8285-1.mpd",
    "section": "8285 - exhaust1.ldr",
    "sha256": "3a83bf5bf70fd4e18bd034b421c15ad6c81babf8d7c6fec7d65f34b79e45118c"
  },
  "source_root": "study-8a1fa2888b99-00-8285---exhaust1.ldr",
  "preview_colour": 7,
  "parents": [
    {
      "section": "8285 - main.ldr",
      "description": "Main assembly of a Technic tow truck combining red chassis beams, gearbox cross blocks, axles, pins, an engine, cabin, bonnet, exhausts, and pneumatic hoses.",
      "at": [
        -160.0,
        -280.0,
        -430.0
      ],
      "matrix": [
        [
          1.0,
          0.0,
          0.0
        ],
        [
          0.0,
          1.0,
          0.0
        ],
        [
          0.0,
          0.0,
          1.0
        ]
      ],
      "colour": 0
    }
  ],
  "sections": [
    {
      "name": "study-8a1fa2888b99-00-8285---exhaust1.ldr",
      "original_name": "8285 - exhaust1.ldr",
      "description": "Exhaust pipe assembly with a silver inverted dish, round brick, horizontal cylinder, and curved-top brick forming a muffler.",
      "directory": "manual/00",
      "steps": [
        {
          "number": 1,
          "added_placements": 4,
          "parts": [
            {
              "ref": "6143.dat",
              "colour": 0,
              "quantity": 1,
              "kind": "part",
              "description": "Brick  2 x  2 Round Reinforced",
              "source_section": null
            },
            {
              "ref": "6141.dat",
              "colour": 80,
              "quantity": 2,
              "kind": "part",
              "description": "Plate  1 x  1 Round",
              "source_section": null
            },
            {
              "ref": "43898.dat",
              "colour": 80,
              "quantity": 1,
              "kind": "part",
              "description": "Dish  3 x  3 Inverted",
              "source_section": null
            }
          ],
          "images": {
            "home": "manual/00/step-001-home.png",
            "front": "manual/00/step-001-front.png"
          }
        },
        {
          "number": 2,
          "added_placements": 7,
          "parts": [
            {
              "ref": "30360.dat",
              "colour": 71,
              "quantity": 1,
              "kind": "part",
              "description": "Cylinder  3 x  6 x  2.667 Horizontal with Hollow Studs",
              "source_section": null
            },
            {
              "ref": "6215.dat",
              "colour": 71,
              "quantity": 1,
              "kind": "part",
              "description": "Brick  2 x  3 with Curved Top",
              "source_section": null
            },
            {
              "ref": "32064b.dat",
              "colour": 0,
              "quantity": 2,
              "kind": "part",
              "description": "Technic Brick  1 x  2 with Reduced Axlehole",
              "source_section": null
            },
            {
              "ref": "6587.dat",
              "colour": 72,
              "quantity": 1,
              "kind": "part",
              "description": "Technic Axle  3 with Stud",
              "source_section": null
            },
            {
              "ref": "6141.dat",
              "colour": 80,
              "quantity": 1,
              "kind": "part",
              "description": "Plate  1 x  1 Round",
              "source_section": null
            },
            {
              "ref": "32039.dat",
              "colour": 0,
              "quantity": 1,
              "kind": "part",
              "description": "Technic Connector (Axle/Bush) Type 1",
              "source_section": null
            }
          ],
          "images": {
            "home": "manual/00/step-002-home.png",
            "front": "manual/00/step-002-front.png"
          }
        }
      ]
    }
  ],
  "physical_placements": 11,
  "views": [
    "home",
    "front"
  ],
  "rendered": true,
  "source_checks_passed": true,
  "bom_matches": true,
  "physical_validity": "not_proven",
  "artifact_hashes": {
    "source.mpd": "c1db7fd097a57ec8d0bbff955eb1374f904a037ebbe8bcf02fb40f23a30752ba",
    "extraction.json": "0d841e1ac8db906d54e67f3718d27bfa5bb995121fad9722cd3c192a885d85d4",
    "source-checks.json": "d89bcd619744002782a5cdb69562383819f4263e1480d7141098d6ca27a85978",
    "study-notes.json": "787b336a619c1909dd74e8372e07874116bd505a2443876a337d57a53deaf234",
    "bom.json": "3513a6b76fbf205dda10f6e5f435d2e16092e490187a9627b146b681ae29e2c2",
    "scene.plan.json": "93e1daf4747cc073c1707e86ae312e11cb65c5b62bb070e0fb0b2ba96f9b64cf",
    "manual/00/preview.mpd": "4f9c7f9a3a3fb52366e616f39a4a4f476997d6bec826e3bf7e07bb75f7312c50",
    "manual/00/step-001-home.png": "f2dbd19047a170bf227bba32ebd797ca640ec489f47eb06ba5d2751a14a4cb65",
    "manual/00/step-002-home.png": "ed0507def4ec9edeb080b2aed242cbfa0130bacccdac8c22520b3146af15ba6d",
    "manual/00/step-001-front.png": "b4bfe4264248e6467db63802ed69e93e8f058e274ed6100ec7c10999ae2876ac",
    "manual/00/step-002-front.png": "14f9eeade12dd13e6a5d30386d526e4f59620680f95fad30cfb349a7795c7386",
    "renders/leocad-bom.csv": "d648ddc9c851a4f90bc30db6fe8c66cbe6229adb181312927f6c1f409d0d041d",
    "bom-comparison.json": "e3d87e30b6a335d262b1e0eba39cb0bf461897b3fb2a698781b94c715d904cb5",
    "renders/home.png": "a0222e5948f8ba461fc3432d3f64e0f64a3696e4947151ac6be2e46a9919b121"
  }
}
