{
  "version": 1,
  "title": "Fuel tank",
  "scope": "construction-construction-study",
  "notes_file": "study-notes.json",
  "image_mode": "steps",
  "final_images": [
    "renders/home.png"
  ],
  "source": {
    "model": "8285-1.mpd",
    "section": "8285 - tank.ldr",
    "sha256": "3a83bf5bf70fd4e18bd034b421c15ad6c81babf8d7c6fec7d65f34b79e45118c"
  },
  "source_root": "study-a5bcdff4bc3f-00-8285---tank.ldr",
  "preview_colour": 7,
  "parents": [
    {
      "section": "8285 - main.ldr",
      "description": "Main assembly of a Technic tow truck combining red chassis beams, gearbox cross blocks, axles, pins, an engine, cabin, bonnet, exhausts, and pneumatic hoses.",
      "at": [
        100.0,
        -100.0,
        -170.0
      ],
      "matrix": [
        [
          1.0,
          0.0,
          0.0
        ],
        [
          0.0,
          -1.0,
          0.0
        ],
        [
          0.0,
          0.0,
          -1.0
        ]
      ],
      "colour": 0
    },
    {
      "section": "8285 - main.ldr",
      "description": "Main assembly of a Technic tow truck combining red chassis beams, gearbox cross blocks, axles, pins, an engine, cabin, bonnet, exhausts, and pneumatic hoses.",
      "at": [
        -100.0,
        -100.0,
        -170.0
      ],
      "matrix": [
        [
          -1.0,
          0.0,
          0.0
        ],
        [
          0.0,
          1.0,
          0.0
        ],
        [
          0.0,
          0.0,
          -1.0
        ]
      ],
      "colour": 0
    }
  ],
  "sections": [
    {
      "name": "study-a5bcdff4bc3f-00-8285---tank.ldr",
      "original_name": "8285 - tank.ldr",
      "description": "A cylindrical tank assembly made of round Technic cylinders with inverted dishes as end caps.",
      "directory": "manual/00",
      "steps": [
        {
          "number": 1,
          "added_placements": 7,
          "parts": [
            {
              "ref": "32524.dat",
              "colour": 4,
              "quantity": 1,
              "kind": "part",
              "description": "Technic Beam  7",
              "source_section": null
            },
            {
              "ref": "32054.dat",
              "colour": 4,
              "quantity": 2,
              "kind": "part",
              "description": "Technic Pin Long with Stop Bush",
              "source_section": null
            },
            {
              "ref": "43093.dat",
              "colour": 1,
              "quantity": 2,
              "kind": "part",
              "description": "Technic Axle Pin with Friction",
              "source_section": null
            },
            {
              "ref": "2780.dat",
              "colour": 0,
              "quantity": 2,
              "kind": "part",
              "description": "Technic Pin with Friction and Slots",
              "source_section": null
            }
          ],
          "images": {
            "home": "manual/00/step-001-home.png",
            "front": "manual/00/step-001-front.png"
          }
        },
        {
          "number": 2,
          "added_placements": 10,
          "parts": [
            {
              "ref": "41531.dat",
              "colour": 4,
              "quantity": 4,
              "kind": "part",
              "description": "Technic Cylinder  4 x  4 x  2 with 3 Pin Holes and Center Bar",
              "source_section": null
            },
            {
              "ref": "6587.dat",
              "colour": 72,
              "quantity": 2,
              "kind": "part",
              "description": "Technic Axle  3 with Stud",
              "source_section": null
            },
            {
              "ref": "32123b.dat",
              "colour": 71,
              "quantity": 2,
              "kind": "part",
              "description": "Technic Bush 1/2 Smooth with Axle Hole Semi-Reduced",
              "source_section": null
            },
            {
              "ref": "3960.dat",
              "colour": 80,
              "quantity": 2,
              "kind": "part",
              "description": "Dish  4 x  4 Inverted",
              "source_section": null
            }
          ],
          "images": {
            "home": "manual/00/step-002-home.png",
            "front": "manual/00/step-002-front.png"
          }
        }
      ]
    }
  ],
  "physical_placements": 17,
  "views": [
    "home",
    "front"
  ],
  "rendered": true,
  "source_checks_passed": true,
  "bom_matches": true,
  "physical_validity": "not_proven",
  "artifact_hashes": {
    "source.mpd": "c2d48892ea5da93a67a84e92f44f2d355c474817ff5a5fe61a0a0d03e5f8d0c5",
    "extraction.json": "f9f789bd0414a58a6b8a03be47ae04b047b53aa9bb7195a2a14b9d53a5651514",
    "source-checks.json": "aba8c0e70d83b0ff83a5c9b15fa5a8a7516dc7bb8d1678d22c7858b176a91542",
    "study-notes.json": "787b336a619c1909dd74e8372e07874116bd505a2443876a337d57a53deaf234",
    "bom.json": "e51f1c7814799a0702a2551dfcabdf92e9c23547bddd886b1ae597f254d42131",
    "scene.plan.json": "5dfca98a6a057cdf58a43a459585069fde8a2306ac80c7fc435a3f5516492e56",
    "manual/00/preview.mpd": "2ea20505dff3f110fc077c5ddd6ced54271a90e8ffaa67677e2a06f29d6f2e53",
    "manual/00/step-001-home.png": "1ab419d5b98872af27cad5df6a32936b59422f4eca7329328444ab5383879458",
    "manual/00/step-002-home.png": "c83c3bd9a8e295ac6ea4ea12ab47d89a2a5f1556df091b7a3182338f8d7c5ef3",
    "manual/00/step-001-front.png": "bb6da612a586495c73b273005c3c37a7258a69359259e5050eb590c719f811e7",
    "manual/00/step-002-front.png": "443f6e441dfd3d28ef16b60696a963e923322f11d113b7e5063ff3be9807e25c",
    "renders/leocad-bom.csv": "0220a091f9bb1dba9f4e73c692661af533f550ee309e1087c18ac5cf50efcb24",
    "bom-comparison.json": "b65f0db91490ede982227037f6e30d7494fb5c23af7e8769e88da8ed1209b735",
    "renders/home.png": "2ec16d604a69267c3cccb6e58d7ed33ac8eb561ef95476e8dd682b882703ce84"
  }
}
