{
  "version": 1,
  "title": "Outrigger foot pad",
  "scope": "construction-construction-study",
  "notes_file": "study-notes.json",
  "image_mode": "steps",
  "final_images": [
    "renders/home.png"
  ],
  "source": {
    "model": "42082-1.mpd",
    "section": "42082 - outriggerplate.ldr",
    "sha256": "13fb7bcda5e653d57a63ddd13c8fc5d79f0c8a434b23830925bdf52fdd217604"
  },
  "source_root": "study-f2328da1b8b3-00-42082---outriggerplate.ldr",
  "preview_colour": 7,
  "parents": [
    {
      "section": "42082 - main.ldr",
      "description": "Main chassis assembly of a large Technic crane combining structural beams, multiple gearboxes, drive axles with differentials, V8 engine, and four outriggers into a complex mechanical build.",
      "at": [
        -305.0,
        -16.0,
        -500.0
      ],
      "matrix": [
        [
          0.0,
          0.0,
          -1.0
        ],
        [
          0.0,
          -1.0,
          0.0
        ],
        [
          -1.0,
          0.0,
          0.0
        ]
      ],
      "colour": 0
    },
    {
      "section": "42082 - main.ldr",
      "description": "Main chassis assembly of a large Technic crane combining structural beams, multiple gearboxes, drive axles with differentials, V8 engine, and four outriggers into a complex mechanical build.",
      "at": [
        305.0,
        -16.0,
        -500.0
      ],
      "matrix": [
        [
          0.0,
          0.0,
          -1.0
        ],
        [
          0.0,
          -1.0,
          0.0
        ],
        [
          -1.0,
          0.0,
          0.0
        ]
      ],
      "colour": 0
    },
    {
      "section": "42082 - main.ldr",
      "description": "Main chassis assembly of a large Technic crane combining structural beams, multiple gearboxes, drive axles with differentials, V8 engine, and four outriggers into a complex mechanical build.",
      "at": [
        -305.0,
        -16.0,
        500.0
      ],
      "matrix": [
        [
          0.0,
          0.0,
          -1.0
        ],
        [
          0.0,
          -1.0,
          0.0
        ],
        [
          -1.0,
          0.0,
          0.0
        ]
      ],
      "colour": 0
    },
    {
      "section": "42082 - main.ldr",
      "description": "Main chassis assembly of a large Technic crane combining structural beams, multiple gearboxes, drive axles with differentials, V8 engine, and four outriggers into a complex mechanical build.",
      "at": [
        305.0,
        -16.0,
        500.0
      ],
      "matrix": [
        [
          0.0,
          0.0,
          1.0
        ],
        [
          0.0,
          -1.0,
          0.0
        ],
        [
          1.0,
          0.0,
          0.0
        ]
      ],
      "colour": 0
    }
  ],
  "sections": [
    {
      "name": "study-f2328da1b8b3-00-42082---outriggerplate.ldr",
      "original_name": "42082 - outriggerplate.ldr",
      "description": "Outrigger base plate with a large tile and round red studs forming a stable foot pad.",
      "directory": "manual/00",
      "steps": [
        {
          "number": 1,
          "added_placements": 6,
          "parts": [
            {
              "ref": "3958.dat",
              "colour": 72,
              "quantity": 1,
              "kind": "part",
              "description": "Plate  6 x  6",
              "source_section": null
            },
            {
              "ref": "10202.dat",
              "colour": 72,
              "quantity": 1,
              "kind": "part",
              "description": "Tile  6 x  6 with Groove and Underside Studs",
              "source_section": null
            },
            {
              "ref": "6141.dat",
              "colour": 4,
              "quantity": 4,
              "kind": "part",
              "description": "Plate  1 x  1 Round",
              "source_section": null
            }
          ],
          "images": {
            "home": "manual/00/step-001-home.png",
            "front": "manual/00/step-001-front.png"
          }
        }
      ]
    }
  ],
  "physical_placements": 6,
  "views": [
    "home",
    "front"
  ],
  "rendered": true,
  "source_checks_passed": true,
  "bom_matches": true,
  "physical_validity": "not_proven",
  "artifact_hashes": {
    "source.mpd": "294aad14a9216372323b052aa3c5c7fc16fc954441d520f3fd6e19dc9b07760f",
    "extraction.json": "4f94f9490b28d4745d0fa241806b6ab3f9255dbd53950d1185e5468391299146",
    "source-checks.json": "4c065e64f413e6524fdf1974a76c4c1f42927a91b138ade578cd1cd6771f1564",
    "study-notes.json": "787b336a619c1909dd74e8372e07874116bd505a2443876a337d57a53deaf234",
    "bom.json": "141a826b2ebc5ff7dfedd4480cff48677464fd6f4d7e1d4bfa2d4fc4e7cf6800",
    "scene.plan.json": "841a335dfd97c5f2e1320354203f6d56c85b2efcbba9c0e1eec0ebf89274fcf9",
    "manual/00/preview.mpd": "ce5a2cee15280d23ce4328a5bfb3010d10245f7751bc61fb575b871fd51bfc24",
    "manual/00/step-001-home.png": "46e78c83d6082667d844fdbc336e03e20edd947c8b40eca8fac168b79d51ba95",
    "manual/00/step-001-front.png": "3526b159d8c775af1b9afc49b02d41a2be10174b6f5fe060ea638a9337db6950",
    "renders/leocad-bom.csv": "d26eb2db7c6ebadcd38d1be7349a76fd4cd56f203a37cbacb54ee50c2f2a6b30",
    "bom-comparison.json": "319507fa6f70c64e62074e5b5fede67e8c360eea8c11c25e4f6c459295cf3efd",
    "renders/home.png": "53c8e6a9b6125f96744b88f64679510afe59cfc2b60fdc8c58fd870064b754eb"
  }
}
