{
  "version": 1,
  "title": "Operator seat",
  "scope": "construction-construction-study",
  "notes_file": "study-notes.json",
  "image_mode": "steps",
  "final_images": [
    "renders/home.png"
  ],
  "source": {
    "model": "42082-1.mpd",
    "section": "42082 - seat.ldr",
    "sha256": "13fb7bcda5e653d57a63ddd13c8fc5d79f0c8a434b23830925bdf52fdd217604"
  },
  "source_root": "study-10a67e302592-00-42082---seat.ldr",
  "preview_colour": 7,
  "parents": [
    {
      "section": "42082 - cabin.ldr",
      "description": "Operator's cabin with bent liftarms, cross blocks, and beams forming the red cab frame structure.",
      "at": [
        30.0,
        180.0,
        -100.0
      ],
      "matrix": [
        [
          1.0,
          0.0,
          0.0
        ],
        [
          0.0,
          1.0,
          0.0
        ],
        [
          0.0,
          0.0,
          1.0
        ]
      ],
      "colour": 1
    }
  ],
  "sections": [
    {
      "name": "study-10a67e302592-00-42082---seat.ldr",
      "original_name": "42082 - seat.ldr",
      "description": "Operator's seat with bent liftarms and fairing panels forming a contoured seat assembly.",
      "directory": "manual/00",
      "steps": [
        {
          "number": 1,
          "added_placements": 7,
          "parts": [
            {
              "ref": "32140.dat",
              "colour": 0,
              "quantity": 2,
              "kind": "part",
              "description": "Technic Beam  2 x  4 Liftarm Bent 90",
              "source_section": null
            },
            {
              "ref": "6558.dat",
              "colour": 1,
              "quantity": 2,
              "kind": "part",
              "description": "Technic Pin Long with Friction and Slot",
              "source_section": null
            },
            {
              "ref": "32073.dat",
              "colour": 71,
              "quantity": 1,
              "kind": "part",
              "description": "Technic Axle  5",
              "source_section": null
            },
            {
              "ref": "41677.dat",
              "colour": 0,
              "quantity": 2,
              "kind": "part",
              "description": "Technic Beam  2 x  0.5 Liftarm",
              "source_section": null
            }
          ],
          "images": {
            "home": "manual/00/step-001-home.png",
            "front": "manual/00/step-001-front.png"
          }
        },
        {
          "number": 2,
          "added_placements": 11,
          "parts": [
            {
              "ref": "32140.dat",
              "colour": 0,
              "quantity": 3,
              "kind": "part",
              "description": "Technic Beam  2 x  4 Liftarm Bent 90",
              "source_section": null
            },
            {
              "ref": "11214.dat",
              "colour": 4,
              "quantity": 1,
              "kind": "part",
              "description": "Technic Axle Pin Long with Friction with  2L Pin",
              "source_section": null
            },
            {
              "ref": "32063.dat",
              "colour": 0,
              "quantity": 2,
              "kind": "part",
              "description": "Technic Beam  6 x  0.5",
              "source_section": null
            },
            {
              "ref": "6558.dat",
              "colour": 1,
              "quantity": 2,
              "kind": "part",
              "description": "Technic Pin Long with Friction and Slot",
              "source_section": null
            },
            {
              "ref": "11946.dat",
              "colour": 0,
              "quantity": 1,
              "kind": "part",
              "description": "Technic Panel Fairing Smooth #21 (Thin Short)",
              "source_section": null
            },
            {
              "ref": "11947.dat",
              "colour": 0,
              "quantity": 1,
              "kind": "part",
              "description": "Technic Panel Fairing Smooth #22 (Thin Short)",
              "source_section": null
            },
            {
              "ref": "43093.dat",
              "colour": 1,
              "quantity": 1,
              "kind": "part",
              "description": "Technic Axle Pin with Friction",
              "source_section": null
            }
          ],
          "images": {
            "home": "manual/00/step-002-home.png",
            "front": "manual/00/step-002-front.png"
          }
        }
      ]
    }
  ],
  "physical_placements": 18,
  "views": [
    "home",
    "front"
  ],
  "rendered": true,
  "source_checks_passed": true,
  "bom_matches": true,
  "physical_validity": "not_proven",
  "artifact_hashes": {
    "source.mpd": "95eba6843c139f45772f8666b041adbc420dafc353b5e8a407f5816f5ba7b6df",
    "extraction.json": "cae85ad672f1569f3f83aa41e0fdd0046d4df8ed0a063e9c469b8534d8e15079",
    "source-checks.json": "fc17f04738301d75a21d54f79b4070ff8fe066fa177ede804cbcae125aa5eac8",
    "study-notes.json": "787b336a619c1909dd74e8372e07874116bd505a2443876a337d57a53deaf234",
    "bom.json": "14d173aa348c7036fac90a380b7e1c0104d2772ba2b4a0f77ba55f983959b794",
    "scene.plan.json": "ec25582e5e2f2a27433d3efcf54fbccfbb71489bae02a61685147cc394c3ac5a",
    "manual/00/preview.mpd": "5dd1fb5f01fc71d8bc9499b8befff51b021884231dbc0c9688fd9d0e4cbe00af",
    "manual/00/step-001-home.png": "08e3ee6366d249252146c0724cfcfb281bbb0a652adf73c29eb263ba6373306c",
    "manual/00/step-002-home.png": "99c75d17c623eaffb058a5497955e8d7a99238bd04a343eabb2cccca6101a943",
    "manual/00/step-001-front.png": "f28bf53e4d7e154d29ad56d1a84e5c327edfd911305d3b17f340c63f5ae7dd73",
    "manual/00/step-002-front.png": "1722168a5ba4a6ecb42e7dda67a7bbdc7e2db6ee8578cfecffe99a88055ee69f",
    "renders/leocad-bom.csv": "dac644fadec1b558e159a7c3e0ff9dfe0ef451475dec232e772ba67659491ca1",
    "bom-comparison.json": "499af0c444cd734f1a2aac9f3ad823c791fb0013672f9e50287ba719825b56a9",
    "renders/home.png": "3a5a8b59037ff41e66728624159aba8c4751bf5a6fe483de4aa4cb65d12e61f9"
  }
}
