{
  "version": 1,
  "title": "Side step panel",
  "scope": "construction-construction-study",
  "notes_file": "study-notes.json",
  "image_mode": "steps",
  "final_images": [
    "renders/home.png"
  ],
  "source": {
    "model": "8285-1.mpd",
    "section": "8285 - sidepanel1.ldr",
    "sha256": "3a83bf5bf70fd4e18bd034b421c15ad6c81babf8d7c6fec7d65f34b79e45118c"
  },
  "source_root": "study-d8a64b121f82-00-8285---sidepanel1.ldr",
  "preview_colour": 7,
  "parents": [
    {
      "section": "8285 - main.ldr",
      "description": "Main assembly of a Technic tow truck combining red chassis beams, gearbox cross blocks, axles, pins, an engine, cabin, bonnet, exhausts, and pneumatic hoses.",
      "at": [
        -180.0,
        -340.0,
        130.0
      ],
      "matrix": [
        [
          -1.0,
          0.0,
          0.0
        ],
        [
          0.0,
          1.0,
          0.0
        ],
        [
          0.0,
          0.0,
          -1.0
        ]
      ],
      "colour": 4
    },
    {
      "section": "8285 - main.ldr",
      "description": "Main assembly of a Technic tow truck combining red chassis beams, gearbox cross blocks, axles, pins, an engine, cabin, bonnet, exhausts, and pneumatic hoses.",
      "at": [
        180.0,
        -340.0,
        130.0
      ],
      "matrix": [
        [
          1.0,
          0.0,
          0.0
        ],
        [
          0.0,
          1.0,
          0.0
        ],
        [
          0.0,
          0.0,
          1.0
        ]
      ],
      "colour": 0
    }
  ],
  "sections": [
    {
      "name": "study-d8a64b121f82-00-8285---sidepanel1.ldr",
      "original_name": "8285 - sidepanel1.ldr",
      "description": "A detailed side panel with a large studded plate, liftarms, handlebars, and mounting clips.",
      "directory": "manual/00",
      "steps": [
        {
          "number": 1,
          "added_placements": 5,
          "parts": [
            {
              "ref": "32278.dat",
              "colour": 0,
              "quantity": 1,
              "kind": "part",
              "description": "Technic Beam 15",
              "source_section": null
            },
            {
              "ref": "2780.dat",
              "colour": 0,
              "quantity": 2,
              "kind": "part",
              "description": "Technic Pin with Friction and Slots",
              "source_section": null
            },
            {
              "ref": "32557.dat",
              "colour": 0,
              "quantity": 2,
              "kind": "part",
              "description": "Technic Cross Block 2 x 3 (Pin/Pin/Twin Pin)",
              "source_section": null
            }
          ],
          "images": {
            "home": "manual/00/step-001-home.png",
            "front": "manual/00/step-001-front.png"
          }
        },
        {
          "number": 2,
          "added_placements": 10,
          "parts": [
            {
              "ref": "2780.dat",
              "colour": 0,
              "quantity": 2,
              "kind": "part",
              "description": "Technic Pin with Friction and Slots",
              "source_section": null
            },
            {
              "ref": "2444.dat",
              "colour": 0,
              "quantity": 2,
              "kind": "part",
              "description": "Plate  2 x  2 with Hole and Split Underside Ribs",
              "source_section": null
            },
            {
              "ref": "6587.dat",
              "colour": 72,
              "quantity": 2,
              "kind": "part",
              "description": "Technic Axle  3 with Stud",
              "source_section": null
            },
            {
              "ref": "6178.dat",
              "colour": 0,
              "quantity": 1,
              "kind": "part",
              "description": "Plate  6 x 12 with 22 Studs on Three Edges",
              "source_section": null
            },
            {
              "ref": "3794a.dat",
              "colour": 0,
              "quantity": 1,
              "kind": "part",
              "description": "Plate  1 x  2 without Groove with 1 Centre Stud",
              "source_section": null
            },
            {
              "ref": "2555.dat",
              "colour": 0,
              "quantity": 1,
              "kind": "part",
              "description": "Tile  1 x  1 with Clip",
              "source_section": null
            },
            {
              "ref": "30031.dat",
              "colour": 80,
              "quantity": 1,
              "kind": "part",
              "description": "Minifig Handlebars",
              "source_section": null
            }
          ],
          "images": {
            "home": "manual/00/step-002-home.png",
            "front": "manual/00/step-002-front.png"
          }
        }
      ]
    }
  ],
  "physical_placements": 15,
  "views": [
    "home",
    "front"
  ],
  "rendered": true,
  "source_checks_passed": true,
  "bom_matches": true,
  "physical_validity": "not_proven",
  "artifact_hashes": {
    "source.mpd": "24406041c0d0975ceea7c852596c536fad3cafb752623103a3341b630ff06b01",
    "extraction.json": "6c1e54d7c4c562e6580a26c73001eb154bfcb8e3e1e79eb27c8d096342f570ec",
    "source-checks.json": "2e91a1fdbc99ba066cd770c757690e67341e1bbd864990e4101754d055e1d7b5",
    "study-notes.json": "787b336a619c1909dd74e8372e07874116bd505a2443876a337d57a53deaf234",
    "bom.json": "2445f0a3d4b47f37b5a155a46369fa4915c7909614fa3b75145d5778dd12c150",
    "scene.plan.json": "8110dbf10c4ddc7650010fd5c1c6bfa2a575827eacaad5d98cd15c82d269a01c",
    "manual/00/preview.mpd": "c2c6564a31acbe1016f73b26c40a5bee9cf98b8e89638eccf22407a726891644",
    "manual/00/step-001-home.png": "2c0c360a862bf9648f8a406cd4518fc6b04cbdb3e7bf8f1b74e785f96f5fb9a7",
    "manual/00/step-002-home.png": "b5bca4ced9da43d58a3eb3cc31ad708afe8d762d438689802e08a187d19fa855",
    "manual/00/step-001-front.png": "ba8cfb11c5836288638c5e051a916e4cd2de95e70c47491d3aaa1b45376b1496",
    "manual/00/step-002-front.png": "5409366def462d3b46babe4ad18a06b4a2a3b2fcafcd860c0586562dd351cd7d",
    "renders/leocad-bom.csv": "198b4b5988c33f028ae9f09c79b11aa2bc176f5cdfb279ddb1abd0327a380ac5",
    "bom-comparison.json": "09db17af46dd6f27cbad4a917c82b7627519668b167ccf863ca9b95398ce9fda",
    "renders/home.png": "ddfd12d19d11fc9759bb1159c1821e1aea25ee4fe99244d93b6003d4660bfcd2"
  }
}
