{
  "profile": "assembly",
  "checks_passed": true,
  "physical_validity": "not_proven",
  "output": "output/atlas-crane/atlas-crane.mpd",
  "written": true,
  "diagnostics": [
    {
      "code": "part.alias_or_internal",
      "severity": "warning",
      "message": "Inspect this alias/internal part and prefer a current physical part.",
      "line_number": 1654,
      "section": "atc-v8-00-42082---engine.ldr"
    },
    {
      "code": "part.alias_or_internal",
      "severity": "warning",
      "message": "Inspect this alias/internal part and prefer a current physical part.",
      "line_number": 2331,
      "section": "atc-hook-00-42082---hook.ldr"
    },
    {
      "code": "connection.include_not_found",
      "message": "LDCad SNAP_INCL reference not found: '3941'",
      "severity": "warning",
      "path": "/Users/captain/workspaces/workspace-ai/ldraw-nova/.cache/embedded/cd98748a3f6ccdbcf8f8a298342e5ccffdceed9263c1859e7a0b3a73b2c6c821.dat",
      "section": null,
      "line_number": 18,
      "offending_value": "0 !LDCAD SNAP_INCL [ref=3941.dat]",
      "suggestions": [],
      "cause": null
    },
    {
      "code": "coverage.contacts_skipped",
      "severity": "warning",
      "message": "Contacts were not computed. Select a subassembly or request --contacts all; no connectivity conclusion is available.",
      "line_number": null,
      "section": null
    },
    {
      "code": "coverage.collision_review",
      "severity": "warning",
      "message": "Some parts lack rectangular body checks; oriented bounds refine candidates, while remaining overlaps require material review.",
      "line_number": null,
      "section": null
    }
  ],
  "geometry": {
    "complete": true,
    "connection_coverage": {
      "complete": 963,
      "partial": 1,
      "none": 0
    },
    "collision_method": "AABB broad phase, oriented bounds separation, curated rectangular body SAT",
    "physical_validity": "not_proven",
    "bounds": {
      "min": [
        -691.4043972200001,
        -1673.5909919135813,
        -765.0
      ],
      "max": [
        460.0,
        0.0002999999999993008,
        1087.547244796
      ]
    },
    "occurrence_count": 964,
    "detail": "summary",
    "instance_offset": 0,
    "instances": [],
    "instances_truncated": true,
    "contacts_checked": false,
    "contact_count": null,
    "contacts": [],
    "contacts_truncated": false,
    "confirmed_components": null,
    "optimistic_components": null,
    "optimistic_component_count": null,
    "confirmed_component_count": null,
    "components_truncated": false,
    "overlap_candidate_count": 3790,
    "overlaps": [],
    "overlaps_truncated": true,
    "diagnostics": [
      {
        "code": "connection.include_not_found",
        "message": "LDCad SNAP_INCL reference not found: '3941'",
        "severity": "warning",
        "path": "/Users/captain/workspaces/workspace-ai/ldraw-nova/.cache/embedded/cd98748a3f6ccdbcf8f8a298342e5ccffdceed9263c1859e7a0b3a73b2c6c821.dat",
        "section": null,
        "line_number": 18,
        "offending_value": "0 !LDCAD SNAP_INCL [ref=3941.dat]",
        "suggestions": [],
        "cause": null
      },
      {
        "code": "coverage.contacts_skipped",
        "severity": "warning",
        "message": "Contacts were not computed. Select a subassembly or request --contacts all; no connectivity conclusion is available.",
        "line_number": null,
        "section": null
      },
      {
        "code": "coverage.collision_review",
        "severity": "warning",
        "message": "Some parts lack rectangular body checks; oriented bounds refine candidates, while remaining overlaps require material review.",
        "line_number": null,
        "section": null
      }
    ],
    "limitations": [
      "AABB candidates do not prove collisions; stud/socket bounding boxes normally overlap.",
      "Connector matches, including 'confirmed', are computational evidence, not buildability certification.",
      "No material intersection, clutch strength, stability, legal connection stress, or real colour availability proof."
    ]
  }
}
