{
  "board": "/Users/captain/workspaces/workspace-ai/ldraw-nova/output/atlas-crane/research/board-b/index.html",
  "manifest": "/Users/captain/workspaces/workspace-ai/ldraw-nova/output/atlas-crane/research/board-b/board.json",
  "parts": [
    {
      "ref": "80272",
      "filename": "80272.dat",
      "description": "Technic Panel Bent  4 x  5 x  5 Tapered Right #71",
      "size_ldu": [
        100.0,
        78.0,
        79.0
      ],
      "colour": 14,
      "bounds": {
        "min": [
          -50.0,
          -69.0,
          -9.0
        ],
        "max": [
          50.0,
          9.0,
          70.0
        ]
      },
      "image": "00/home.png",
      "source": "00/part.mpd",
      "diagnostics": []
    },
    {
      "ref": "68196",
      "filename": "68196.dat",
      "description": "Technic Panel  5 x 13 Curved #51 Tapered Right",
      "size_ldu": [
        100.0,
        37.4,
        258.0
      ],
      "colour": 14,
      "bounds": {
        "min": [
          -10.0,
          -28.4,
          -129.0
        ],
        "max": [
          90.0,
          9.0,
          129.0
        ]
      },
      "image": "01/home.png",
      "source": "01/part.mpd",
      "diagnostics": []
    },
    {
      "ref": "6609",
      "filename": "6609.dat",
      "description": "Technic Panel Fairing Smooth Concave #42",
      "size_ldu": [
        39.0,
        99.0,
        135.76999999999998
      ],
      "colour": 14,
      "bounds": {
        "min": [
          -29.0,
          -90.0,
          -10.0
        ],
        "max": [
          10.0,
          9.0,
          125.77
        ]
      },
      "image": "02/home.png",
      "source": "02/part.mpd",
      "diagnostics": []
    },
    {
      "ref": "64391",
      "filename": "64391.dat",
      "description": "Technic Panel Fairing Smooth #4 (Medium)",
      "size_ldu": [
        39.0005,
        59.00023145,
        136.0
      ],
      "colour": 14,
      "bounds": {
        "min": [
          -9.0005,
          -49.00023145,
          -10.0
        ],
        "max": [
          30.0,
          10.0,
          126.0
        ]
      },
      "image": "03/home.png",
      "source": "03/part.mpd",
      "diagnostics": []
    },
    {
      "ref": "64681",
      "filename": "64681.dat",
      "description": "Technic Panel Fairing Smooth #5 (Long)",
      "size_ldu": [
        39.0,
        59.00023145,
        216.0
      ],
      "colour": 14,
      "bounds": {
        "min": [
          -30.0,
          -49.00023145,
          -10.0
        ],
        "max": [
          9.0,
          10.0,
          206.0
        ]
      },
      "image": "04/home.png",
      "source": "04/part.mpd",
      "diagnostics": []
    },
    {
      "ref": "64393",
      "filename": "64393.dat",
      "description": "Technic Panel Fairing Smooth #6 (Long)",
      "size_ldu": [
        39.0,
        59.00023145,
        216.0
      ],
      "colour": 14,
      "bounds": {
        "min": [
          -9.0,
          -49.00023145,
          -10.0
        ],
        "max": [
          30.0,
          10.0,
          206.0
        ]
      },
      "image": "05/home.png",
      "source": "05/part.mpd",
      "diagnostics": []
    },
    {
      "ref": "18973",
      "filename": "18973.dat",
      "description": "Windscreen  6 x  4 x  1.333 Curved",
      "size_ldu": [
        80.0,
        36.0,
        120.0
      ],
      "colour": 14,
      "bounds": {
        "min": [
          -40.0,
          -4.0,
          -110.0
        ],
        "max": [
          40.0,
          32.0,
          10.0
        ]
      },
      "image": "06/home.png",
      "source": "06/part.mpd",
      "diagnostics": []
    },
    {
      "ref": "80222",
      "filename": "80222.dat",
      "description": "Windscreen  7 x  6 x  1.333",
      "size_ldu": [
        120.0,
        36.0,
        139.879
      ],
      "colour": 14,
      "bounds": {
        "min": [
          -60.0,
          -4.0,
          -129.879
        ],
        "max": [
          60.0,
          32.0,
          10.0
        ]
      },
      "image": "07/home.png",
      "source": "07/part.mpd",
      "diagnostics": []
    },
    {
      "ref": "4207a",
      "filename": "4207a.dat",
      "description": "Ladder  2.6 x 14 with Stops",
      "size_ldu": [
        280.0,
        12.5,
        52.0
      ],
      "colour": 14,
      "bounds": {
        "min": [
          -140.0,
          -12.5,
          -26.0
        ],
        "max": [
          140.0,
          0.0,
          26.0
        ]
      },
      "image": "08/home.png",
      "source": "08/part.mpd",
      "diagnostics": []
    },
    {
      "ref": "15118",
      "filename": "15118.dat",
      "description": "Ladder  2.6 x 16",
      "size_ldu": [
        320.0,
        12.5,
        52.0
      ],
      "colour": 14,
      "bounds": {
        "min": [
          -160.0,
          -12.5,
          -26.0
        ],
        "max": [
          160.0,
          0.0,
          26.0
        ]
      },
      "image": "09/home.png",
      "source": "09/part.mpd",
      "diagnostics": []
    },
    {
      "ref": "11947",
      "filename": "11947.dat",
      "description": "Technic Panel Fairing Smooth #22 (Thin Short)",
      "size_ldu": [
        18.000500000000002,
        39.69,
        96.0
      ],
      "colour": 14,
      "bounds": {
        "min": [
          -9.0,
          -29.69,
          -10.0
        ],
        "max": [
          9.0005,
          10.0,
          86.0
        ]
      },
      "image": "10/home.png",
      "source": "10/part.mpd",
      "diagnostics": []
    },
    {
      "ref": "32235",
      "filename": "32235.dat",
      "description": "Technic Axle Flexible 19",
      "size_ldu": [
        380.0,
        12.0,
        12.0
      ],
      "colour": 14,
      "bounds": {
        "min": [
          -190.0,
          -6.0,
          -6.0
        ],
        "max": [
          190.0,
          6.0,
          6.0
        ]
      },
      "image": "11/home.png",
      "source": "11/part.mpd",
      "diagnostics": []
    }
  ]
}
